============================= test session starts =============================
platform win32 -- Python 3.12.0, pytest-9.0.2, pluggy-1.6.0 -- D:\python\project\GYMBUDDY\backend\venv\Scripts\python.exe
cachedir: .pytest_cache
rootdir: D:\python\project\GYMBUDDY\backend
plugins: anyio-4.12.1, asyncio-1.3.0
asyncio: mode=Mode.STRICT, debug=False, asyncio_default_fixture_loop_scope=None, asyncio_default_test_loop_scope=function
collecting ... collected 5 items

tests/test_matching_service.py::TestMatchingServiceLogic::test_calculate_goal_alignment PASSED [ 20%]
tests/test_matching_service.py::TestMatchingServiceLogic::test_calculate_schedule_compatibility PASSED [ 40%]
tests/test_matching_service.py::TestMatchingServiceLogic::test_calculate_fitness_level_compatibility PASSED [ 60%]
tests/test_matching_service.py::TestMatchingServiceLogic::test_calculate_location_proximity PASSED [ 80%]
tests/test_matching_service.py::TestMatchingServiceIntegration::test_get_match_recommendations FAILED [100%]

================================== FAILURES ===================================
________ TestMatchingServiceIntegration.test_get_match_recommendations ________

self = <tests.test_matching_service.TestMatchingServiceIntegration object at 0x0000020E8D3D9A90>
db_session = <sqlalchemy.orm.session.Session object at 0x0000020E8D44D010>

    def test_get_match_recommendations(self, db_session):
        service = MatchingService()
    
        # Create user A
        user_a = User(email="a@test.com", hashed_password="pw", is_active=True, is_verified=True)
        prof_a = FitnessProfile(
            user=user_a,
            fitness_level="beginner",
            goals=["muscle"],
            workout_types=["strength"],
            preferred_schedule="morning",
            gender="male"
        )
        pref_a = MatchPreference(user=user_a, gender_preference="female")
        db_session.add(user_a)
    
        # Create user B (Compatible)
        user_b = User(email="b@test.com", hashed_password="pw", is_active=True, is_verified=True)
        prof_b = FitnessProfile(
            user=user_b,
            fitness_level="beginner",
            goals=["muscle"],
            workout_types=["strength"],
            preferred_schedule="morning",
            gender="female"
        )
        db_session.add(user_b)
    
        # Create user C (Incompatible Gender)
        user_c = User(email="c@test.com", hashed_password="pw", is_active=True, is_verified=True)
        prof_c = FitnessProfile(
            user=user_c,
            fitness_level="beginner",
            goals=["muscle"],
            workout_types=["strength"],
            preferred_schedule="morning",
            gender="male"
        )
        db_session.add(user_c)
    
        db_session.commit()
        db_session.refresh(user_a)
    
        # Get recommendations
        recommendations = service.get_match_recommendations(db_session, user_a.id)
    
        # User B should be recommended (high score, gender match)
        # User C should be filtered out (gender mismatch)
    
        assert len(recommendations) == 1
        assert recommendations[0]["user"].id == user_b.id
>       assert recommendations[0]["score"] > 80.0
E       assert 65.0 > 80.0

tests\test_matching_service.py:148: AssertionError
============================== warnings summary ===============================
app\schemas\auth.py:35
  D:\python\project\GYMBUDDY\backend\app\schemas\auth.py:35: PydanticDeprecatedSince20: Support for class-based `config` is deprecated, use ConfigDict instead. Deprecated in Pydantic V2.0 to be removed in V3.0. See Pydantic V2 Migration Guide at https://errors.pydantic.dev/2.12/migration/
    class UserResponse(BaseModel):

app\schemas\user.py:17
  D:\python\project\GYMBUDDY\backend\app\schemas\user.py:17: PydanticDeprecatedSince20: Support for class-based `config` is deprecated, use ConfigDict instead. Deprecated in Pydantic V2.0 to be removed in V3.0. See Pydantic V2 Migration Guide at https://errors.pydantic.dev/2.12/migration/
    class UserResponse(BaseModel):

app\schemas\user.py:31
  D:\python\project\GYMBUDDY\backend\app\schemas\user.py:31: PydanticDeprecatedSince20: Support for class-based `config` is deprecated, use ConfigDict instead. Deprecated in Pydantic V2.0 to be removed in V3.0. See Pydantic V2 Migration Guide at https://errors.pydantic.dev/2.12/migration/
    class UserPublicResponse(BaseModel):

app\schemas\profile.py:88
  D:\python\project\GYMBUDDY\backend\app\schemas\profile.py:88: PydanticDeprecatedSince20: Support for class-based `config` is deprecated, use ConfigDict instead. Deprecated in Pydantic V2.0 to be removed in V3.0. See Pydantic V2 Migration Guide at https://errors.pydantic.dev/2.12/migration/
    class FitnessProfileResponse(BaseModel):

tests/test_matching_service.py: 14 warnings
  D:\python\project\GYMBUDDY\backend\venv\Lib\site-packages\sqlalchemy\sql\schema.py:3624: DeprecationWarning: datetime.datetime.utcnow() is deprecated and scheduled for removal in a future version. Use timezone-aware objects to represent datetimes in UTC: datetime.datetime.now(datetime.UTC).
    return util.wrap_callable(lambda ctx: fn(), fn)  # type: ignore

-- Docs: https://docs.pytest.org/en/stable/how-to/capture-warnings.html
=========================== short test summary info ===========================
FAILED tests/test_matching_service.py::TestMatchingServiceIntegration::test_get_match_recommendations
================== 1 failed, 4 passed, 18 warnings in 0.13s ===================
